#-----------------------------------------------------------
# Vivado v2016.2 (64-bit)
# SW Build 1577090 on Thu Jun  2 16:32:40 MDT 2016
# IP Build 1577682 on Fri Jun  3 12:00:54 MDT 2016
# Start of session at: Mon Sep 19 12:36:29 2016
# Process ID: 7244
# Current directory: C:/ThreadControlIP/ThreadControlIP/image_capture
# Command line: vivado.exe -gui_launcher_event rodinguilauncherevent15096 C:\ThreadControlIP\ThreadControlIP\image_capture\image_capture.xpr
# Log file: C:/ThreadControlIP/ThreadControlIP/image_capture/vivado.log
# Journal file: C:/ThreadControlIP/ThreadControlIP/image_capture\vivado.jou
#-----------------------------------------------------------
start_gui
open_project C:/ThreadControlIP/ThreadControlIP/image_capture/image_capture.xpr
create_bd_design "image_capture_design"
update_compile_order -fileset sources_1
startgroup
create_bd_cell -type ip -vlnv xilinx.com:ip:processing_system7:5.5 processing_system7_0
endgroup
set_property location {0.5 -85 -176} [get_bd_cells processing_system7_0]
set_property location {1 -55 -244} [get_bd_cells processing_system7_0]
set_property location {1 -111 -129} [get_bd_cells processing_system7_0]
set_property location {1 -102 -224} [get_bd_cells processing_system7_0]
delete_bd_objs [get_bd_cells processing_system7_0]
save_bd_design
